../Core/Src/main.c:340:13:MX_I2C1_Init	8	static,ignoring_inline_asm
../Core/Src/main.c:108:5:_write	8	static
../Core/Src/main.c:285:6:SystemClock_Config	104	static,ignoring_inline_asm
../Core/Src/main.c:600:6:global_init_Done	32	static
../Core/Src/main.c:610:6:custom_init_Done	32	static
../Core/Src/main.c:620:6:SHT40_measure	88	static
../Core/Src/main.c:674:6:format_data	64	static
../Core/Src/main.c:118:5:main	72	static,ignoring_inline_asm
../Core/Src/main.c:740:6:setup_driving_pins	0	static
../Core/Src/main.c:754:6:Error_Handler	0	static,ignoring_inline_asm
