../Core/Src/main.c:101:5:_write	8	static
../Core/Src/main.c:253:6:SystemClock_Config	104	static,ignoring_inline_asm
../Core/Src/main.c:308:6:MX_I2C1_Init	8	static,ignoring_inline_asm
../Core/Src/main.c:551:6:global_init_Done	32	static
../Core/Src/main.c:561:6:custom_init_Done	32	static
../Core/Src/main.c:571:6:SHT40_measure	88	static
../Core/Src/main.c:625:6:format_data	64	static
../Core/Src/main.c:111:5:main	80	static,ignoring_inline_asm
../Core/Src/main.c:686:6:Error_Handler	0	static,ignoring_inline_asm
