../Core/Src/stm32l4xx_hal_msp.c:64:6:HAL_MspInit	8	static
../Core/Src/stm32l4xx_hal_msp.c:86:6:HAL_I2C_MspInit	104	static
../Core/Src/stm32l4xx_hal_msp.c:139:6:HAL_I2C_MspDeInit	8	static
../Core/Src/stm32l4xx_hal_msp.c:170:6:HAL_RTC_MspInit	64	static
../Core/Src/stm32l4xx_hal_msp.c:203:6:HAL_RTC_MspDeInit	0	static
../Core/Src/stm32l4xx_hal_msp.c:225:6:HAL_TIM_Base_MspInit	8	static
../Core/Src/stm32l4xx_hal_msp.c:247:6:HAL_TIM_Base_MspDeInit	0	static
../Core/Src/stm32l4xx_hal_msp.c:269:6:HAL_UART_MspInit	96	static
../Core/Src/stm32l4xx_hal_msp.c:350:6:HAL_UART_MspDeInit	0	static
