../Core/Src/stm32l4xx_hal_msp.c:64:6:HAL_MspInit	8	static
../Core/Src/stm32l4xx_hal_msp.c:86:6:HAL_I2C_MspInit	88	static
../Core/Src/stm32l4xx_hal_msp.c:132:6:HAL_I2C_MspDeInit	8	static
../Core/Src/stm32l4xx_hal_msp.c:163:6:HAL_RTC_MspInit	64	static
../Core/Src/stm32l4xx_hal_msp.c:196:6:HAL_RTC_MspDeInit	0	static
../Core/Src/stm32l4xx_hal_msp.c:218:6:HAL_TIM_Base_MspInit	8	static
../Core/Src/stm32l4xx_hal_msp.c:240:6:HAL_TIM_Base_MspDeInit	0	static
../Core/Src/stm32l4xx_hal_msp.c:262:6:HAL_UART_MspInit	96	static
../Core/Src/stm32l4xx_hal_msp.c:343:6:HAL_UART_MspDeInit	0	static
